ERROR: Channel count, bitrate and sample size must all be present and positive

Options: 
  -r bitrate_Hz
  -c channel_count
  -i input_file
  -s size of a single channel's sample (bytes)
  -n output file name (prepended with track number)
