ERROR: At least one start timestamp must be specified
