Failed to open 'track.raw': fopen: Permission denied
