ERROR: Finish time can't be before start time, skipping track.raw
